// Jest Snapshot v1, https://goo.gl/fbAQLP

exports[`jest-css-modules with camelCase should have correct object params 1`] = `
Array [
  "foo__bar",
  "fooBar",
  "foo__zoo",
  "fooZoo",
  "foo",
  "boo",
  "display-block",
  "displayBlock",
  "display-block@sm",
  "displayBlockSm",
  "display-block@sm@sm2",
  "displayBlockSmSm2",
]
`;
